
> frontend@0.1.0 build
> next build

   Γû▓ Next.js 15.5.18

   Creating an optimized production build ...
 Γ£ô Compiled successfully in 7.5s
   Linting and checking validity of types ...
npm.cmd :  Γ¿» ESLint: Cannot find module 'C:\Users\sukan\Parking-Management-Sy
stem\frontend\node_modules\eslint-config-next\core-web-vitals' imported from 
C:\Users\sukan\Parking-Management-System\frontend\eslint.config.mjs Did you 
mean to import "eslint-config-next/core-web-vitals.js"?
At line:1 char:67
+ ... n\Parking-Management-System\frontend'; npm.cmd run build *>&1 | Tee-O ...
+                                            ~~~~~~~~~~~~~~~~~~~~~~
    + CategoryInfo          : NotSpecified: ( Γ¿» ESLint: Ca...web-vitals.js"? 
   :String) [], RemoteException
    + FullyQualifiedErrorId : NativeCommandError
 
Failed to compile.

./src/app/(admin)/parking-lot/page.tsx:765:68
Type error: 'owner' is possibly 'null'.

[0m [90m 763 |[39m       [36mtry[39m {
 [90m 764 |[39m         [36mconst[39m zoneRows [33m=[39m [36mawait[39m 
listParkingZones()[33m;[39m
[31m[1m>[22m[39m[90m 765 |[39m         
setZones(zoneRows[33m.[39mlength [33m>[39m [35m0[39m [33m?[39m 
zoneRows[33m.[39mmap(mapZoneToUi) [33m:[39m owner[33m.[39mzones 
[33m?[39m[33m?[39m [])[33m;[39m
 [90m     |[39m                                                              
      [31m[1m^[22m[39m
 [90m 766 |[39m       } [36mcatch[39m {
 [90m 767 |[39m         setZones(owner[33m.[39mzones 
[33m?[39m[33m?[39m [])[33m;[39m
 [90m 768 |[39m       }[0m
Next.js build worker exited with code: 1 and signal: null
