npm.cmd : npm error code ENOENT
At line:1 char:1
+ npm.cmd run build *>&1 | Tee-Object build-output.txt
+ ~~~~~~~~~~~~~~~~~~~~~~
    + CategoryInfo          : NotSpecified: (npm error code ENOENT:String) [], 
    RemoteException
    + FullyQualifiedErrorId : NativeCommandError
 
npm error syscall open
npm error path C:\Users\sukan\Parking-Management-System\package.json
npm error errno -4058
npm error enoent Could not read package.json: Error: ENOENT: no such file or 
directory, open 'C:\Users\sukan\Parking-Management-System\package.json'
npm error enoent This is related to npm not being able to find a file.
npm error enoent
npm error A complete log of this run can be found in: C:\Users\sukan\AppData\Lo
cal\npm-cache\_logs\2026-05-20T16_03_50_338Z-debug-0.log
